[    2809ms] [INFO] %cDownload the React DevTools for a better development experience: https://react.dev/link/react-devtools font-weight:bold @ http://localhost:3430/_next/static/chunks/node_modules_next_dist_1ybzpk2._.js:2483
[    3440ms] [LOG] [HMR] connected @ http://localhost:3430/_next/static/chunks/node_modules_next_dist_1ybzpk2._.js:2483
[    3806ms] [LOG] [Fast Refresh] rebuilding @ http://localhost:3430/_next/static/chunks/node_modules_next_dist_1ybzpk2._.js:2483
[    3888ms] [LOG] [Fast Refresh] done in 224ms @ http://localhost:3430/_next/static/chunks/node_modules_next_dist_1ybzpk2._.js:2483
[   50349ms] [LOG] [Fast Refresh] rebuilding @ http://localhost:3430/_next/static/chunks/node_modules_next_dist_1ybzpk2._.js:2483
[   51477ms] [WARNING] [Fast Refresh] performing full reload

Fast Refresh will perform a full reload when you edit a file that's imported by modules outside of the React rendering tree.
You might have a file which exports a React component but also exports a value that is imported by a non-React component file.
Consider migrating the non-React component export to a separate file and importing it into both files.

It is also possible the parent component of the component you edited is a class component, which disables Fast Refresh.
Fast Refresh requires at least one parent function component in your React tree. @ http://localhost:3430/_next/static/chunks/node_modules_next_dist_1ybzpk2._.js:2483
[   51813ms] [ERROR] Failed to load resource: the server responded with a status of 404 (Not Found) @ http://localhost:3430/tmp-verificacion-temas?_rsc=wF8445_s9UCVwe_l:0
[   53545ms] [LOG] [Fast Refresh] done in 2660ms @ http://localhost:3430/_next/static/chunks/node_modules_next_dist_1ybzpk2._.js:2483
[   53676ms] [ERROR] Failed to load resource: the server responded with a status of 404 (Not Found) @ http://localhost:3430/tmp-verificacion-temas?_rsc=wF8445_s9UCVwe_l:0
[   53770ms] [ERROR] Failed to load resource: the server responded with a status of 404 (Not Found) @ http://localhost:3430/tmp-verificacion-temas:0
[   54395ms] [INFO] %cDownload the React DevTools for a better development experience: https://react.dev/link/react-devtools font-weight:bold @ http://localhost:3430/_next/static/chunks/node_modules_next_dist_1ybzpk2._.js:2483
[   54480ms] [LOG] [HMR] connected @ http://localhost:3430/_next/static/chunks/node_modules_next_dist_1ybzpk2._.js:2483
[   54649ms] [LOG] [Fast Refresh] rebuilding @ http://localhost:3430/_next/static/chunks/node_modules_next_dist_1ybzpk2._.js:2483
[   54696ms] [LOG] [Fast Refresh] done in 148ms @ http://localhost:3430/_next/static/chunks/node_modules_next_dist_1ybzpk2._.js:2483
[   75818ms] [LOG] [Fast Refresh] rebuilding @ http://localhost:3430/_next/static/chunks/node_modules_next_dist_1ybzpk2._.js:2483
[   76781ms] [LOG] [Fast Refresh] done in 1065ms @ http://localhost:3430/_next/static/chunks/node_modules_next_dist_1ybzpk2._.js:2483
[   81695ms] [LOG] [Fast Refresh] rebuilding @ http://localhost:3430/_next/static/chunks/node_modules_next_dist_1ybzpk2._.js:2483
[   81945ms] [LOG] [Fast Refresh] done in 353ms @ http://localhost:3430/_next/static/chunks/node_modules_next_dist_1ybzpk2._.js:2483
[   91360ms] [LOG] [Fast Refresh] rebuilding @ http://localhost:3430/_next/static/chunks/node_modules_next_dist_1ybzpk2._.js:2483
[   91678ms] [LOG] [Fast Refresh] done in 421ms @ http://localhost:3430/_next/static/chunks/node_modules_next_dist_1ybzpk2._.js:2483
[   95512ms] [LOG] [Fast Refresh] rebuilding @ http://localhost:3430/_next/static/chunks/node_modules_next_dist_1ybzpk2._.js:2483
[   95887ms] [LOG] [Fast Refresh] done in 477ms @ http://localhost:3430/_next/static/chunks/node_modules_next_dist_1ybzpk2._.js:2483
[  116579ms] [LOG] [Fast Refresh] rebuilding @ http://localhost:3430/_next/static/chunks/node_modules_next_dist_1ybzpk2._.js:2483
[  116743ms] [LOG] [Fast Refresh] done in 268ms @ http://localhost:3430/_next/static/chunks/node_modules_next_dist_1ybzpk2._.js:2483
[  125799ms] [LOG] [Fast Refresh] rebuilding @ http://localhost:3430/_next/static/chunks/node_modules_next_dist_1ybzpk2._.js:2483
[  126673ms] [LOG] [Fast Refresh] done in 976ms @ http://localhost:3430/_next/static/chunks/node_modules_next_dist_1ybzpk2._.js:2483
[  198551ms] [LOG] [Fast Refresh] rebuilding @ http://localhost:3430/_next/static/chunks/node_modules_next_dist_1ybzpk2._.js:2483
[  199070ms] [LOG] [Fast Refresh] done in 626ms @ http://localhost:3430/_next/static/chunks/node_modules_next_dist_1ybzpk2._.js:2483
[  229313ms] [LOG] [Fast Refresh] rebuilding @ http://localhost:3430/_next/static/chunks/node_modules_next_dist_1ybzpk2._.js:2483
[  229361ms] [LOG] [Fast Refresh] done in 151ms @ http://localhost:3430/_next/static/chunks/node_modules_next_dist_1ybzpk2._.js:2483
[  241595ms] [LOG] [Fast Refresh] rebuilding @ http://localhost:3430/_next/static/chunks/node_modules_next_dist_1ybzpk2._.js:2483
[  241682ms] [LOG] [Fast Refresh] done in 189ms @ http://localhost:3430/_next/static/chunks/node_modules_next_dist_1ybzpk2._.js:2483
[  252791ms] [ERROR] WebSocket connection to 'ws://localhost:3430/_next/webpack-hmr?id=3NgMas8Ne-hukXEvwF0AL' failed: Error in connection establishment: net::ERR_CONNECTION_REFUSED @ http://localhost:3430/_next/static/chunks/node_modules_next_dist_client_0r5nbpw._.js:13423
[  253794ms] [ERROR] WebSocket connection to 'ws://localhost:3430/_next/webpack-hmr?id=3NgMas8Ne-hukXEvwF0AL' failed: Error in connection establishment: net::ERR_CONNECTION_REFUSED @ http://localhost:3430/_next/static/chunks/node_modules_next_dist_client_0r5nbpw._.js:13423
[  254804ms] [ERROR] WebSocket connection to 'ws://localhost:3430/_next/webpack-hmr?id=3NgMas8Ne-hukXEvwF0AL' failed: Error in connection establishment: net::ERR_CONNECTION_REFUSED @ http://localhost:3430/_next/static/chunks/node_modules_next_dist_client_0r5nbpw._.js:13423
[  255814ms] [ERROR] WebSocket connection to 'ws://localhost:3430/_next/webpack-hmr?id=3NgMas8Ne-hukXEvwF0AL' failed: Error in connection establishment: net::ERR_CONNECTION_REFUSED @ http://localhost:3430/_next/static/chunks/node_modules_next_dist_client_0r5nbpw._.js:13423
[  256831ms] [ERROR] WebSocket connection to 'ws://localhost:3430/_next/webpack-hmr?id=3NgMas8Ne-hukXEvwF0AL' failed: Error in connection establishment: net::ERR_CONNECTION_REFUSED @ http://localhost:3430/_next/static/chunks/node_modules_next_dist_client_0r5nbpw._.js:13423
